105 1450 7348 25868 66587 106794 128722 121875 80260 0 
