1 84 1385 25681 66054 106324 128243 121407 79923 0 
