1 100 1418 25451 65626 106429 128284 121559 79807 0 
