93 1457 7440 25609 66109 106582 128300 122005 79950 0 
