1 95 1462 7533 26179 66919 128222 121391 79844 0 
