1 102 7376 25532 66102 106315 128164 121481 80228 0 
