1 88 1505 7363 25616 66173 106701 128659 122159 0 
