1 110 7424 26068 66215 106370 127877 121561 80320 0 
