1 1 1 1 1 1 1 1 1 1 1 1 1 1 1 1 1 1 2 2 2 2 2 2 2 2 2 3 3 3 4 4 6 5 5 4 9 10 10 11 11 13 17 17 22 21 23 25 25 26 27 30 31 32 34 37 38 41 45 45 48 50 51 52 54 55 56 56 57 57 56 54 53 58 60 61 60 60 60 58 57 52 51 51 50 47 43 40 40 37 36 29 26 22 22 19 15 6 3 0 
