1 1 1 1 1 1 1 1 1 1 2 2 2 2 2 5 5 5 5 5 5 5 7 7 9 9 8 7 8 10 10 10 10 10 12 12 13 16 16 16 16 17 21 26 28 27 27 28 33 33 36 35 39 40 42 42 40 39 44 47 51 51 52 56 58 61 62 60 59 60 60 59 59 59 57 54 53 51 51 50 49 50 48 45 41 40 39 40 40 37 36 36 30 26 22 17 15 11 6 0 
