1 1 1 1 1 1 1 1 1 1 1 1 1 1 1 1 1 1 1 1 1 1 1 1 1 1 1 1 1 3 3 3 3 4 4 4 4 4 12 15 19 21 22 23 25 29 30 31 33 36 37 39 44 47 48 48 49 49 52 53 54 55 57 57 60 61 62 65 66 63 62 65 65 64 62 60 59 60 58 56 56 56 56 56 54 49 45 42 40 38 36 33 32 31 28 23 21 12 4 0 
