1 1 1 1 1 1 1 1 1 1 1 1 2 2 2 2 2 2 2 2 3 4 4 5 5 6 7 7 8 8 8 11 13 14 15 16 15 15 16 18 18 21 21 27 30 29 30 31 32 33 34 32 34 34 37 45 47 49 50 50 50 51 52 53 54 55 59 56 58 57 56 55 55 57 58 58 55 53 49 48 44 41 37 35 33 29 26 26 25 22 20 20 19 13 11 10 8 5 4 0 
