1 1 1 1 1 1 1 1 1 1 1 1 1 1 1 1 1 1 1 2 2 2 2 3 3 4 6 6 6 6 6 7 7 8 9 10 12 12 12 13 13 15 15 16 18 18 24 25 29 31 35 36 35 35 39 40 40 41 44 45 46 48 52 51 53 52 54 54 56 53 53 53 55 58 60 61 58 57 56 56 51 49 47 46 43 45 44 42 42 39 37 32 30 27 21 20 14 9 5 0 
