1 1 1 1 1 1 1 1 1 1 1 1 1 1 1 1 2 3 3 4 4 4 5 6 6 6 6 5 7 8 8 9 10 10 10 11 11 13 16 16 18 18 21 26 27 27 33 33 34 33 33 36 39 38 42 43 43 45 46 48 46 45 47 49 53 53 53 57 56 58 60 60 61 58 59 58 58 61 61 57 57 56 56 54 51 49 47 44 42 39 36 31 27 21 19 14 10 7 4 0 
