1 1 1 1 1 1 1 1 1 1 1 1 1 1 1 1 1 1 1 1 1 1 1 1 1 1 1 1 1 3 3 3 3 4 6 6 6 7 8 8 10 15 21 25 26 27 28 33 33 35 37 37 39 42 46 46 46 48 48 50 48 48 50 50 49 52 53 53 55 54 54 55 54 54 55 55 54 54 54 55 54 52 50 50 44 39 38 37 33 31 28 24 21 19 14 13 12 9 6 0 
