1 1 1 1 1 1 1 1 1 1 1 1 1 1 1 1 1 2 3 3 3 4 4 4 4 4 4 4 4 7 8 9 10 12 12 12 14 18 19 22 23 24 27 28 30 30 30 30 33 34 33 37 38 40 40 41 41 41 44 44 45 48 49 53 53 56 57 57 57 57 60 61 60 61 60 61 62 60 56 57 54 53 50 49 47 45 42 40 39 39 36 33 32 29 26 20 17 4 2 0 
