1 1 1 1 1 1 1 1 1 1 1 1 1 1 2 2 2 2 2 3 4 4 4 4 4 4 4 4 4 5 5 7 9 13 16 17 18 19 20 21 22 22 25 25 29 31 35 35 38 38 37 40 46 47 50 53 54 55 57 63 64 65 63 64 65 64 60 60 58 57 57 56 56 59 57 56 54 54 54 53 53 52 49 47 45 43 40 39 37 35 33 25 21 18 16 16 11 9 5 0 
