1 1 1 1 1 1 1 1 1 1 1 2 2 2 2 2 2 2 2 3 3 4 4 5 6 7 7 9 11 11 10 11 11 11 11 13 14 14 15 15 17 17 20 21 22 27 27 28 28 30 32 32 34 39 44 45 46 50 54 53 54 55 56 57 59 59 60 60 60 59 56 53 54 54 53 53 53 53 53 53 52 51 49 46 43 42 37 33 31 29 24 20 18 17 13 10 8 5 3 0 
