1 1 1 1 1 1 1 1 1 1 1 1 1 1 1 1 1 1 1 1 1 1 1 2 2 2 3 3 3 3 3 3 5 7 10 12 12 14 14 19 21 23 24 24 26 26 29 30 30 31 31 31 30 31 32 30 31 32 40 41 46 47 49 51 51 52 51 51 51 52 52 53 55 57 58 58 56 56 59 56 56 55 51 48 47 44 44 42 40 36 32 30 27 23 21 17 13 5 0 0 
