1 1 1 1 1 1 1 1 1 1 1 1 1 1 1 1 1 1 1 1 2 2 2 2 3 5 6 7 8 8 8 9 9 9 9 10 10 11 13 15 17 19 22 22 24 24 25 26 30 30 32 31 32 34 36 36 37 36 39 42 42 40 42 42 45 46 50 51 51 51 52 51 50 52 51 50 52 52 51 52 52 53 51 50 48 44 44 38 38 34 31 29 24 22 19 13 10 7 3 0 
