1 1 1 1 1 1 1 1 1 1 1 1 1 1 1 2 2 2 2 2 2 3 3 3 3 3 3 3 3 4 4 4 4 6 7 7 8 10 11 14 16 16 15 14 15 15 19 22 26 26 26 26 29 30 34 35 36 39 41 45 45 45 47 47 46 46 48 48 49 49 52 51 50 52 52 52 51 51 52 50 50 49 48 46 46 45 43 42 39 34 30 26 23 19 18 16 15 10 6 0 
