1 1 1 1 1 1 1 1 1 1 1 1 2 2 2 2 2 2 2 2 3 3 4 4 4 5 5 5 5 5 8 9 9 10 10 10 10 12 15 16 16 16 16 16 18 19 24 28 28 31 31 36 35 36 36 39 41 46 49 51 53 54 54 54 53 53 53 57 55 58 58 59 58 57 58 57 56 56 56 51 50 47 45 43 42 39 37 36 34 34 28 25 23 21 19 16 13 11 10 0 
