1 1 1 1 1 1 1 1 1 1 1 1 1 1 2 2 2 2 2 2 2 2 2 2 2 2 3 3 3 3 5 6 6 7 8 9 9 10 9 9 10 11 12 14 17 19 23 30 30 32 30 33 35 34 33 33 34 34 38 38 41 42 41 42 42 44 46 52 54 51 52 50 54 56 54 51 51 51 51 50 50 49 49 45 45 42 40 39 35 33 33 30 28 26 20 17 13 10 6 0 
