1 1 1 1 1 1 1 1 1 1 1 1 2 2 2 2 2 2 2 2 2 2 2 3 3 3 4 4 4 4 4 5 6 6 6 7 8 8 10 11 12 12 13 15 15 17 22 25 25 28 28 31 36 37 37 40 43 44 43 44 46 48 49 49 51 51 52 53 54 57 56 56 55 56 57 56 55 53 52 50 50 48 45 44 41 40 40 37 34 33 29 26 21 20 16 15 10 5 3 0 
