1 1 1 1 1 1 1 1 1 1 1 2 2 2 2 2 2 2 2 2 2 2 2 2 4 4 5 6 6 6 6 6 6 7 8 8 8 8 9 13 13 14 15 17 19 19 19 23 24 25 28 31 32 34 40 44 43 43 43 42 43 44 43 44 45 46 48 50 50 52 53 52 54 55 58 53 53 51 51 49 49 48 50 49 47 42 40 37 34 28 26 25 21 18 12 11 9 6 4 0 
