1 1 1 1 1 1 1 1 1 1 1 1 1 1 1 1 1 1 1 1 2 2 4 4 4 4 4 5 6 6 9 11 13 14 13 14 16 19 20 21 22 24 27 29 31 33 33 35 35 39 43 43 42 42 41 43 42 43 45 47 46 46 44 46 46 47 47 50 50 53 53 51 51 48 48 48 48 46 46 45 43 42 38 37 34 33 30 30 29 26 22 18 16 14 13 11 7 5 3 0 
