1 1 1 1 1 1 1 1 1 1 1 1 1 1 1 1 1 1 1 1 1 3 4 4 4 4 5 6 6 6 7 7 8 8 9 11 11 13 13 14 17 18 19 21 21 21 23 27 27 30 30 32 36 37 39 41 44 47 47 51 55 57 56 57 58 55 56 57 54 55 55 55 55 55 53 54 58 59 58 54 50 45 42 41 40 37 34 31 31 30 29 29 28 24 21 17 14 9 4 0 
