1 1 1 1 1 1 1 1 1 1 1 1 1 1 1 1 1 1 1 2 2 2 3 3 4 7 8 9 10 10 11 11 12 13 14 15 15 19 20 21 22 25 28 29 31 31 36 37 37 42 42 42 42 42 42 43 44 44 48 49 49 50 50 51 52 54 52 56 58 59 57 58 58 57 57 57 57 52 52 52 49 48 47 46 45 41 38 33 29 27 26 26 21 20 18 17 11 7 4 0 
