1 1 1 1 1 1 1 1 1 1 1 1 1 1 2 2 2 2 2 2 2 2 2 2 3 3 3 3 3 4 4 4 6 7 7 8 8 8 10 11 12 12 15 16 17 17 18 20 25 25 26 28 30 32 32 32 34 36 39 40 40 41 41 44 45 43 45 48 50 48 50 50 53 53 52 52 50 50 51 52 50 52 51 52 50 48 44 40 37 34 33 31 29 27 22 21 16 9 7 0 
