1 1 1 1 1 1 1 1 1 1 1 1 1 1 1 1 1 1 1 1 1 2 2 2 3 3 3 4 5 5 6 7 8 11 12 12 16 17 18 18 21 22 22 22 23 26 27 28 29 30 29 33 34 36 38 40 42 43 42 43 40 41 43 43 44 45 45 46 50 50 49 50 50 51 53 53 49 50 49 45 41 39 36 35 34 35 31 29 28 26 23 22 21 20 16 14 11 11 7 0 
