1 1 1 1 1 1 1 1 1 1 1 1 1 1 1 2 2 2 2 2 2 3 4 4 5 5 5 5 5 6 7 6 7 8 9 9 9 10 13 14 14 16 17 20 21 21 23 25 25 27 28 28 28 28 33 34 35 37 38 39 41 46 47 47 47 48 48 48 51 51 53 51 56 55 54 54 52 53 54 55 55 55 57 52 50 49 47 47 43 42 40 34 34 31 30 25 19 10 5 0 
