1 1 1 1 1 1 1 1 1 1 1 1 1 1 1 1 1 1 1 1 1 1 2 2 2 3 3 3 3 6 6 6 10 10 10 11 13 12 12 13 12 12 13 15 18 19 18 20 22 23 24 25 31 31 32 31 32 32 32 32 36 37 36 37 38 38 40 41 42 43 42 42 42 42 44 45 44 45 48 47 46 46 44 43 40 40 40 38 35 34 34 32 31 26 22 17 14 10 6 0 
