1 1 1 1 1 1 1 1 1 1 1 1 1 1 1 1 1 1 1 1 1 1 1 1 1 1 1 1 4 6 10 10 14 18 17 18 20 21 22 23 23 23 24 25 25 28 31 32 35 36 36 40 39 40 43 45 46 50 52 51 54 54 54 54 56 55 57 59 56 57 60 58 56 58 58 59 57 54 54 51 51 51 49 46 44 41 41 36 34 31 28 26 24 22 18 16 15 12 12 0 
