1 1 1 1 1 1 1 1 1 1 1 1 1 1 1 1 1 1 1 2 3 3 3 4 4 4 4 4 5 7 9 10 10 10 14 15 17 17 17 20 22 28 32 33 36 38 39 40 42 42 43 46 46 50 50 50 49 51 51 53 53 57 57 57 57 58 58 56 55 54 54 54 55 55 55 56 57 57 56 55 54 51 48 49 47 45 44 39 34 32 32 26 20 16 13 9 6 5 1 0 
