1 1 1 1 1 1 1 1 1 1 1 1 1 1 1 1 1 2 2 2 2 2 2 4 4 4 6 6 6 7 8 9 9 10 12 11 12 13 13 16 17 16 17 18 18 18 18 22 23 23 24 25 27 32 32 32 34 37 39 41 42 43 43 46 49 49 52 53 56 57 58 62 62 61 60 59 58 55 53 52 51 46 46 39 37 40 37 34 31 27 26 23 21 19 17 13 12 8 5 0 
