1 1 1 1 1 1 1 1 1 2 2 2 2 2 2 2 2 2 3 3 3 3 3 3 3 3 3 3 4 5 5 6 6 9 11 15 17 17 21 23 26 26 29 30 31 36 39 41 42 42 44 45 46 49 49 50 53 53 53 55 56 55 55 57 57 60 59 60 58 58 60 60 61 61 60 59 57 56 56 53 49 45 43 40 37 33 32 30 27 25 23 19 17 16 15 13 7 4 2 0 
