1 1 1 1 1 1 1 1 2 2 2 2 2 2 2 2 2 2 2 2 3 3 3 3 3 4 4 5 5 6 6 6 7 8 10 11 11 12 13 15 16 17 18 19 20 19 20 20 26 28 30 31 33 39 42 42 46 46 48 50 49 54 60 62 61 60 60 61 60 60 61 59 58 55 55 54 53 52 52 51 48 47 45 44 43 43 42 42 42 38 35 33 33 28 23 18 13 7 4 0 
