1 1 1 1 1 1 1 1 1 1 1 1 1 1 1 1 1 1 1 1 1 1 1 1 2 3 3 3 5 5 4 4 5 7 7 8 8 11 12 13 16 20 22 22 28 33 36 36 40 42 43 44 45 48 52 52 52 53 59 60 62 62 61 62 63 61 60 59 58 60 61 61 61 63 64 63 57 57 56 52 51 46 42 41 39 37 35 34 32 32 29 27 23 21 17 15 12 8 4 0 
