1 1 1 1 1 1 1 1 1 1 1 1 1 1 1 1 1 1 1 1 1 2 3 3 4 5 5 5 5 6 6 7 10 11 14 14 15 15 15 17 16 19 20 23 23 24 26 27 31 32 36 41 43 40 42 45 45 47 47 48 47 49 52 51 51 53 54 53 51 52 51 50 50 50 49 48 47 47 43 43 41 40 39 38 36 34 30 27 26 25 25 25 23 20 15 11 8 2 1 0 
