1 1 1 1 1 1 1 1 1 1 1 1 1 1 1 1 1 1 1 1 1 1 1 1 1 1 1 2 2 2 3 3 6 6 9 10 14 15 17 20 22 25 25 26 26 25 28 28 28 30 30 30 31 32 33 38 40 41 42 43 43 42 42 43 44 46 45 44 46 46 45 49 52 52 52 50 48 47 49 48 47 44 43 43 38 36 34 35 33 32 31 27 23 14 11 8 6 5 2 0 
