1 1 1 1 1 1 1 1 2 2 2 2 1 1 1 1 1 1 1 1 1 1 1 1 1 3 7 7 6 6 6 6 7 7 7 7 7 10 10 10 10 10 10 12 13 16 16 19 22 26 28 31 33 39 38 40 41 44 45 48 49 49 49 52 53 52 52 56 54 53 54 55 56 55 54 54 53 52 51 50 48 47 46 43 43 41 40 40 39 38 37 34 30 25 21 18 14 11 5 0 
