1 1 1 1 1 1 1 1 1 1 2 2 2 2 2 2 2 2 2 2 2 2 4 5 5 5 8 9 10 11 11 11 11 11 13 17 18 19 26 27 30 30 32 33 33 32 33 37 39 40 40 43 45 45 48 49 52 54 54 59 61 61 60 59 57 57 57 57 56 58 59 60 60 56 55 55 51 49 49 48 45 44 43 43 42 41 41 38 34 30 25 24 23 19 14 12 10 4 2 0 
