1 1 1 1 1 1 1 1 1 1 1 1 1 1 1 1 1 1 1 1 2 3 4 4 4 5 5 7 8 9 9 9 10 12 12 15 16 17 18 19 22 24 26 27 30 30 31 33 37 38 37 39 41 41 43 43 43 44 44 46 48 48 49 48 49 53 53 54 55 55 55 52 52 50 51 52 51 49 48 45 43 39 37 35 33 29 27 25 24 21 20 17 17 16 13 11 9 6 4 0 
