1 1 1 1 1 1 1 1 1 1 1 1 1 1 1 1 1 1 1 2 2 2 2 2 2 2 2 2 2 4 5 5 5 6 7 11 13 15 16 18 18 21 23 24 25 26 28 28 31 32 32 35 38 42 44 45 45 47 46 46 49 49 52 51 53 54 53 52 51 51 52 51 51 50 49 49 47 44 43 43 43 41 41 39 38 38 35 35 34 33 28 27 27 27 24 19 14 12 6 0 
