1 1 1 1 1 1 1 1 1 2 2 2 2 2 2 2 2 2 2 2 2 2 2 2 4 5 6 7 7 10 10 13 15 17 21 22 21 21 23 24 26 30 33 35 35 36 36 37 37 38 38 38 38 38 40 41 40 42 43 48 49 51 52 50 50 51 52 52 54 53 52 53 54 54 55 53 52 50 49 51 50 47 44 42 43 40 38 37 34 32 33 30 25 22 18 15 13 8 3 0 
