1 1 1 1 1 1 1 1 1 1 1 1 1 1 1 1 1 1 1 1 1 1 1 1 1 1 2 2 2 2 2 2 3 3 4 6 9 11 12 13 13 16 16 18 23 25 26 31 35 36 36 37 39 40 40 39 41 42 43 48 49 50 55 55 57 59 58 60 60 58 57 57 57 54 55 54 56 56 55 54 54 52 50 52 53 52 46 43 41 38 37 36 31 27 23 21 17 11 8 5 
