1 1 1 1 1 1 1 1 1 1 1 1 1 1 1 2 2 2 2 2 2 3 3 3 3 3 3 3 3 4 5 5 5 6 6 8 8 8 9 9 10 13 14 16 19 20 25 27 26 29 30 32 34 35 36 39 41 41 45 47 50 51 51 51 49 49 53 52 48 48 48 49 49 50 50 56 55 52 49 47 46 44 40 39 40 36 34 33 30 22 16 13 12 9 7 7 6 4 1 0 
