1 1 1 1 1 1 1 1 1 1 1 1 1 1 1 1 1 1 1 1 2 2 3 3 3 3 4 4 5 5 8 10 10 10 10 10 11 12 13 15 19 20 21 23 26 31 32 36 37 38 39 42 44 48 50 51 51 53 54 56 60 59 59 57 59 61 59 63 66 66 66 69 66 66 63 60 58 56 57 56 55 54 54 52 49 43 42 39 39 37 34 31 25 20 14 10 7 4 2 0 
