1 1 1 1 1 1 1 1 1 1 1 1 1 1 2 2 2 2 2 2 2 2 2 2 2 2 3 3 4 4 6 6 6 6 7 9 9 11 12 13 13 14 15 15 16 17 20 24 26 28 28 30 33 37 43 44 47 45 44 44 43 45 46 47 47 47 47 49 49 51 51 52 48 49 52 52 52 52 48 47 49 46 43 40 39 38 39 37 36 33 28 25 21 19 18 15 11 9 7 0 
