1 1 1 1 1 1 1 1 1 1 1 1 1 1 1 1 1 2 2 2 2 2 2 1 1 1 1 1 4 4 4 4 4 4 6 7 8 8 8 8 10 10 14 13 16 17 18 19 20 22 25 28 28 28 29 32 34 36 38 39 38 40 44 45 49 50 51 51 50 49 49 50 52 51 48 50 51 51 52 55 54 53 53 52 48 44 42 39 36 34 31 28 23 19 14 12 11 8 5 0 
